// Jest Snapshot v1, https://goo.gl/fbAQLP

exports[`renders correctly 1`] = `
<Section
  className=""
>
  <Container
    className=""
  >
    <h1>
      Sayfa bulunamadı
    </h1>
    <p>
      Aradığınız sayfa bulunamadı. Eğer aradıgınız şey bir jargon ise, bize
       
      <a
        href="https://github.com/alpcanaydin/jargon.ist"
      >
        katkıda bulunarak
      </a>
       jargon.ist'e ekleyebilirsin.
    </p>
  </Container>
</Section>
`;
