// Jest Snapshot v1, https://goo.gl/fbAQLP

exports[`renders correctly 1`] = `
<span
  className="c-logo"
>
  <img
    alt="Jargon.ist"
    className="u-img-responsive"
    height="24"
    src={
      Object {
        "process": [Function],
      }
    }
  />
</span>
`;
