// Jest Snapshot v1, https://goo.gl/fbAQLP

exports[`renders correctly 1`] = `
<nav
  className="c-menu"
>
  <GatsbyLink
    activeClassName="is-active"
    className="c-menu__link"
    to="/dizin"
  >
    Dizin
  </GatsbyLink>
  <GatsbyLink
    activeClassName="is-active"
    className="c-menu__link"
    to="/konular"
  >
    Konular
  </GatsbyLink>
  <a
    className="c-button c-button--primary"
    href="https://github.com/alpcanaydin/jargon.ist"
    rel="noopener noreferrer"
    target="_blank"
  >
    KatkÄ±da Bulun
  </a>
</nav>
`;
