// Jest Snapshot v1, https://goo.gl/fbAQLP

exports[`renders correctly 1`] = `
<React.Fragment>
  <HelmetWrapper
    defer={true}
    encodeSpecialCharacters={true}
  >
    <title>
      Dizin
    </title>
  </HelmetWrapper>
  <JargonList
    jargons={Array []}
  />
</React.Fragment>
`;
